mode: set
github.com/thrylos-labs/go-thrylos/core/math/big_utils.go:8.37,9.13 1 0
github.com/thrylos-labs/go-thrylos/core/math/big_utils.go:9.13,11.3 1 0
github.com/thrylos-labs/go-thrylos/core/math/big_utils.go:12.2,13.9 2 0
github.com/thrylos-labs/go-thrylos/core/math/big_utils.go:13.9,15.3 1 0
github.com/thrylos-labs/go-thrylos/core/math/big_utils.go:16.2,16.12 1 0
github.com/thrylos-labs/go-thrylos/core/math/big_utils.go:20.40,21.14 1 0
github.com/thrylos-labs/go-thrylos/core/math/big_utils.go:21.14,23.3 1 0
github.com/thrylos-labs/go-thrylos/core/math/big_utils.go:24.2,24.19 1 0
github.com/thrylos-labs/go-thrylos/core/math/big_utils.go:28.34,30.2 1 0
github.com/thrylos-labs/go-thrylos/core/math/big_utils.go:33.34,35.2 1 0
github.com/thrylos-labs/go-thrylos/core/math/big_utils.go:38.34,40.2 1 0
github.com/thrylos-labs/go-thrylos/core/math/big_utils.go:43.30,45.2 1 0
github.com/thrylos-labs/go-thrylos/core/math/big_utils.go:48.29,50.2 1 0
github.com/thrylos-labs/go-thrylos/core/math/safemath.go:26.40,28.2 1 1
github.com/thrylos-labs/go-thrylos/core/math/safemath.go:36.41,38.2 1 1
github.com/thrylos-labs/go-thrylos/core/math/safemath.go:51.41,55.26 1 1
github.com/thrylos-labs/go-thrylos/core/math/safemath.go:55.26,64.3 2 1
github.com/thrylos-labs/go-thrylos/core/math/safemath.go:65.2,65.19 1 1
github.com/thrylos-labs/go-thrylos/core/math/safemath.go:69.45,71.2 1 0
github.com/thrylos-labs/go-thrylos/core/math/safemath.go:78.41,80.22 1 1
github.com/thrylos-labs/go-thrylos/core/math/safemath.go:80.22,82.3 1 1
github.com/thrylos-labs/go-thrylos/core/math/safemath.go:85.2,89.19 2 1
github.com/thrylos-labs/go-thrylos/core/math/safemath.go:89.19,98.3 2 1
github.com/thrylos-labs/go-thrylos/core/math/safemath.go:100.2,100.20 1 1
github.com/thrylos-labs/go-thrylos/core/math/safemath.go:104.45,106.2 1 0
github.com/thrylos-labs/go-thrylos/core/math/safemath.go:113.41,114.11 1 1
github.com/thrylos-labs/go-thrylos/core/math/safemath.go:114.11,121.3 1 1
github.com/thrylos-labs/go-thrylos/core/math/safemath.go:122.2,122.19 1 1
github.com/thrylos-labs/go-thrylos/core/math/safemath.go:126.45,128.2 1 0
github.com/thrylos-labs/go-thrylos/core/math/safemath.go:133.41,134.12 1 1
github.com/thrylos-labs/go-thrylos/core/math/safemath.go:134.12,136.3 1 1
github.com/thrylos-labs/go-thrylos/core/math/safemath.go:137.2,137.19 1 1
github.com/thrylos-labs/go-thrylos/core/math/safemath.go:141.45,143.2 1 0
github.com/thrylos-labs/go-thrylos/core/math/safemath.go:148.41,149.12 1 0
github.com/thrylos-labs/go-thrylos/core/math/safemath.go:149.12,151.3 1 0
github.com/thrylos-labs/go-thrylos/core/math/safemath.go:152.2,152.19 1 0
github.com/thrylos-labs/go-thrylos/core/math/safemath.go:163.50,164.22 1 1
github.com/thrylos-labs/go-thrylos/core/math/safemath.go:164.22,166.3 1 1
github.com/thrylos-labs/go-thrylos/core/math/safemath.go:168.2,169.35 2 1
github.com/thrylos-labs/go-thrylos/core/math/safemath.go:169.35,171.17 2 1
github.com/thrylos-labs/go-thrylos/core/math/safemath.go:171.17,173.4 1 1
github.com/thrylos-labs/go-thrylos/core/math/safemath.go:174.3,174.21 1 1
github.com/thrylos-labs/go-thrylos/core/math/safemath.go:176.2,176.20 1 1
github.com/thrylos-labs/go-thrylos/core/math/safemath.go:183.47,186.16 2 1
github.com/thrylos-labs/go-thrylos/core/math/safemath.go:186.16,188.3 1 1
github.com/thrylos-labs/go-thrylos/core/math/safemath.go:191.2,192.16 2 1
github.com/thrylos-labs/go-thrylos/core/math/safemath.go:192.16,194.3 1 1
github.com/thrylos-labs/go-thrylos/core/math/safemath.go:196.2,196.20 1 1
github.com/thrylos-labs/go-thrylos/core/math/safemath.go:203.47,204.12 1 1
github.com/thrylos-labs/go-thrylos/core/math/safemath.go:204.12,206.3 1 1
github.com/thrylos-labs/go-thrylos/core/math/safemath.go:209.2,218.24 6 1
github.com/thrylos-labs/go-thrylos/core/math/safemath.go:218.24,225.3 1 0
github.com/thrylos-labs/go-thrylos/core/math/safemath.go:227.2,227.29 1 1
github.com/thrylos-labs/go-thrylos/core/math/safemath.go:234.46,235.14 1 1
github.com/thrylos-labs/go-thrylos/core/math/safemath.go:235.14,237.3 1 1
github.com/thrylos-labs/go-thrylos/core/math/safemath.go:238.2,238.15 1 1
github.com/thrylos-labs/go-thrylos/core/math/safemath.go:238.15,240.3 1 1
github.com/thrylos-labs/go-thrylos/core/math/safemath.go:241.2,241.15 1 1
github.com/thrylos-labs/go-thrylos/core/math/safemath.go:241.15,243.3 1 1
github.com/thrylos-labs/go-thrylos/core/math/safemath.go:246.2,246.26 1 1
github.com/thrylos-labs/go-thrylos/core/math/safemath.go:246.26,253.3 1 1
github.com/thrylos-labs/go-thrylos/core/math/safemath.go:255.2,256.35 2 1
github.com/thrylos-labs/go-thrylos/core/math/safemath.go:256.35,258.17 2 1
github.com/thrylos-labs/go-thrylos/core/math/safemath.go:258.17,260.4 1 1
github.com/thrylos-labs/go-thrylos/core/math/safemath.go:261.3,261.21 1 1
github.com/thrylos-labs/go-thrylos/core/math/safemath.go:264.2,264.20 1 1
github.com/thrylos-labs/go-thrylos/core/math/safemath.go:273.42,275.16 2 1
github.com/thrylos-labs/go-thrylos/core/math/safemath.go:275.16,277.3 1 1
github.com/thrylos-labs/go-thrylos/core/math/safemath.go:278.2,278.15 1 1
github.com/thrylos-labs/go-thrylos/core/math/safemath.go:282.42,284.16 2 1
github.com/thrylos-labs/go-thrylos/core/math/safemath.go:284.16,286.3 1 1
github.com/thrylos-labs/go-thrylos/core/math/safemath.go:287.2,287.15 1 1
github.com/thrylos-labs/go-thrylos/core/math/safemath.go:291.42,292.11 1 1
github.com/thrylos-labs/go-thrylos/core/math/safemath.go:292.11,294.3 1 1
github.com/thrylos-labs/go-thrylos/core/math/safemath.go:295.2,295.14 1 1
github.com/thrylos-labs/go-thrylos/core/math/safemath.go:305.36,307.16 2 1
github.com/thrylos-labs/go-thrylos/core/math/safemath.go:307.16,308.50 1 1
github.com/thrylos-labs/go-thrylos/core/math/safemath.go:310.2,310.15 1 0
github.com/thrylos-labs/go-thrylos/core/math/safemath.go:315.36,317.16 2 1
github.com/thrylos-labs/go-thrylos/core/math/safemath.go:317.16,318.50 1 1
github.com/thrylos-labs/go-thrylos/core/math/safemath.go:320.2,320.15 1 0
github.com/thrylos-labs/go-thrylos/core/math/safemath.go:325.36,327.16 2 1
github.com/thrylos-labs/go-thrylos/core/math/safemath.go:327.16,328.50 1 1
github.com/thrylos-labs/go-thrylos/core/math/safemath.go:330.2,330.15 1 0
github.com/thrylos-labs/go-thrylos/core/math/safemath.go:341.41,344.43 1 1
github.com/thrylos-labs/go-thrylos/core/math/safemath.go:344.43,351.3 1 1
github.com/thrylos-labs/go-thrylos/core/math/safemath.go:355.2,355.43 1 1
github.com/thrylos-labs/go-thrylos/core/math/safemath.go:355.43,362.3 1 1
github.com/thrylos-labs/go-thrylos/core/math/safemath.go:364.2,364.19 1 1
github.com/thrylos-labs/go-thrylos/core/math/safemath.go:370.41,373.34 1 0
github.com/thrylos-labs/go-thrylos/core/math/safemath.go:373.34,380.3 1 0
github.com/thrylos-labs/go-thrylos/core/math/safemath.go:384.2,384.34 1 0
github.com/thrylos-labs/go-thrylos/core/math/safemath.go:384.34,391.3 1 0
github.com/thrylos-labs/go-thrylos/core/math/safemath.go:394.2,394.19 1 0
github.com/thrylos-labs/go-thrylos/core/math/safemath.go:401.41,403.22 1 1
github.com/thrylos-labs/go-thrylos/core/math/safemath.go:403.22,405.3 1 1
github.com/thrylos-labs/go-thrylos/core/math/safemath.go:406.2,406.12 1 1
github.com/thrylos-labs/go-thrylos/core/math/safemath.go:406.12,408.3 1 1
github.com/thrylos-labs/go-thrylos/core/math/safemath.go:409.2,409.12 1 1
github.com/thrylos-labs/go-thrylos/core/math/safemath.go:409.12,411.3 1 0
github.com/thrylos-labs/go-thrylos/core/math/safemath.go:414.2,414.35 1 1
github.com/thrylos-labs/go-thrylos/core/math/safemath.go:414.35,421.3 1 1
github.com/thrylos-labs/go-thrylos/core/math/safemath.go:422.2,422.35 1 1
github.com/thrylos-labs/go-thrylos/core/math/safemath.go:422.35,429.3 1 1
github.com/thrylos-labs/go-thrylos/core/math/safemath.go:432.2,436.19 2 1
github.com/thrylos-labs/go-thrylos/core/math/safemath.go:436.19,443.3 1 1
github.com/thrylos-labs/go-thrylos/core/math/safemath.go:445.2,445.20 1 1
github.com/thrylos-labs/go-thrylos/core/math/safemath.go:452.41,453.12 1 1
github.com/thrylos-labs/go-thrylos/core/math/safemath.go:453.12,455.3 1 1
github.com/thrylos-labs/go-thrylos/core/math/safemath.go:461.2,461.35 1 1
github.com/thrylos-labs/go-thrylos/core/math/safemath.go:461.35,468.3 1 1
github.com/thrylos-labs/go-thrylos/core/math/safemath.go:470.2,470.19 1 1
github.com/thrylos-labs/go-thrylos/core/math/safemath.go:475.41,476.12 1 0
github.com/thrylos-labs/go-thrylos/core/math/safemath.go:476.12,478.3 1 0
github.com/thrylos-labs/go-thrylos/core/math/safemath.go:481.2,481.35 1 0
github.com/thrylos-labs/go-thrylos/core/math/safemath.go:481.35,483.3 1 0
github.com/thrylos-labs/go-thrylos/core/math/safemath.go:485.2,485.19 1 0
github.com/thrylos-labs/go-thrylos/core/math/safemath.go:491.38,492.24 1 1
github.com/thrylos-labs/go-thrylos/core/math/safemath.go:492.24,499.3 1 1
github.com/thrylos-labs/go-thrylos/core/math/safemath.go:500.2,500.11 1 1
github.com/thrylos-labs/go-thrylos/core/math/safemath.go:500.11,502.3 1 1
github.com/thrylos-labs/go-thrylos/core/math/safemath.go:503.2,503.15 1 1
github.com/thrylos-labs/go-thrylos/core/math/safemath.go:508.38,509.24 1 1
github.com/thrylos-labs/go-thrylos/core/math/safemath.go:509.24,516.3 1 1
github.com/thrylos-labs/go-thrylos/core/math/safemath.go:517.2,517.16 1 1
github.com/thrylos-labs/go-thrylos/core/math/safemath.go:524.65,525.34 1 1
github.com/thrylos-labs/go-thrylos/core/math/safemath.go:525.34,527.3 1 1
github.com/thrylos-labs/go-thrylos/core/math/safemath.go:529.2,529.17 1 1
github.com/thrylos-labs/go-thrylos/core/math/safemath.go:529.17,531.3 1 1
github.com/thrylos-labs/go-thrylos/core/math/safemath.go:534.2,535.16 2 1
github.com/thrylos-labs/go-thrylos/core/math/safemath.go:535.16,537.3 1 0
github.com/thrylos-labs/go-thrylos/core/math/safemath.go:539.2,540.16 2 1
github.com/thrylos-labs/go-thrylos/core/math/safemath.go:540.16,542.3 1 0
github.com/thrylos-labs/go-thrylos/core/math/safemath.go:544.2,544.20 1 1
github.com/thrylos-labs/go-thrylos/core/math/safemath.go:553.36,555.16 2 0
github.com/thrylos-labs/go-thrylos/core/math/safemath.go:555.16,556.52 1 0
github.com/thrylos-labs/go-thrylos/core/math/safemath.go:558.2,558.15 1 0
github.com/thrylos-labs/go-thrylos/core/math/safemath.go:563.36,565.16 2 0
github.com/thrylos-labs/go-thrylos/core/math/safemath.go:565.16,566.52 1 0
github.com/thrylos-labs/go-thrylos/core/math/safemath.go:568.2,568.15 1 0
github.com/thrylos-labs/go-thrylos/core/math/safemath.go:573.36,575.16 2 0
github.com/thrylos-labs/go-thrylos/core/math/safemath.go:575.16,576.52 1 0
github.com/thrylos-labs/go-thrylos/core/math/safemath.go:578.2,578.15 1 0
github.com/thrylos-labs/go-thrylos/core/math/safemath.go:591.74,592.19 1 1
github.com/thrylos-labs/go-thrylos/core/math/safemath.go:592.19,594.3 1 1
github.com/thrylos-labs/go-thrylos/core/math/safemath.go:595.2,595.34 1 1
github.com/thrylos-labs/go-thrylos/core/math/safemath.go:595.34,597.3 1 1
github.com/thrylos-labs/go-thrylos/core/math/safemath.go:600.2,609.20 5 1
github.com/thrylos-labs/go-thrylos/core/math/safemath.go:614.37,615.26 1 0
github.com/thrylos-labs/go-thrylos/core/math/safemath.go:615.26,616.15 1 0
github.com/thrylos-labs/go-thrylos/core/math/safemath.go:616.15,618.4 1 0
github.com/thrylos-labs/go-thrylos/core/math/safemath.go:619.3,619.29 1 0
github.com/thrylos-labs/go-thrylos/core/math/safemath.go:621.2,621.31 1 0
github.com/thrylos-labs/go-thrylos/core/math/safemath.go:626.37,627.14 1 0
github.com/thrylos-labs/go-thrylos/core/math/safemath.go:627.14,629.3 1 0
github.com/thrylos-labs/go-thrylos/core/math/safemath.go:630.2,630.14 1 0
github.com/thrylos-labs/go-thrylos/core/math/safemath.go:630.14,632.3 1 0
github.com/thrylos-labs/go-thrylos/core/math/safemath.go:633.2,633.31 1 0
github.com/thrylos-labs/go-thrylos/core/math/safemath.go:638.37,639.26 1 0
github.com/thrylos-labs/go-thrylos/core/math/safemath.go:639.26,641.3 1 0
github.com/thrylos-labs/go-thrylos/core/math/safemath.go:642.2,642.31 1 0
github.com/thrylos-labs/go-thrylos/core/math/safemath.go:647.46,648.31 1 0
github.com/thrylos-labs/go-thrylos/core/math/safemath.go:648.31,650.3 1 0
github.com/thrylos-labs/go-thrylos/core/math/safemath.go:651.2,651.14 1 0
github.com/thrylos-labs/go-thrylos/core/math/safemath.go:651.14,653.3 1 0
github.com/thrylos-labs/go-thrylos/core/math/safemath.go:654.2,654.36 1 0
github.com/thrylos-labs/go-thrylos/core/math/safemath.go:664.59,666.2 1 1
github.com/thrylos-labs/go-thrylos/core/math/safemath.go:671.65,673.2 1 1
github.com/thrylos-labs/go-thrylos/core/math/safemath.go:677.83,679.2 1 0
github.com/thrylos-labs/go-thrylos/core/math/safemath.go:683.65,684.27 1 1
github.com/thrylos-labs/go-thrylos/core/math/safemath.go:684.27,686.3 1 1
github.com/thrylos-labs/go-thrylos/core/math/safemath.go:687.2,687.19 1 1
github.com/thrylos-labs/go-thrylos/core/math/safemath.go:687.19,689.3 1 1
github.com/thrylos-labs/go-thrylos/core/math/safemath.go:690.2,690.12 1 1
github.com/thrylos-labs/go-thrylos/core/math/safemath.go:695.70,697.2 1 0
github.com/thrylos-labs/go-thrylos/core/math/safemath.go:705.59,706.16 1 0
github.com/thrylos-labs/go-thrylos/core/math/safemath.go:706.16,708.3 1 0
github.com/thrylos-labs/go-thrylos/core/math/safemath.go:709.2,709.33 1 0
github.com/thrylos-labs/go-thrylos/core/math/safemath.go:714.59,715.16 1 0
github.com/thrylos-labs/go-thrylos/core/math/safemath.go:715.16,717.3 1 0
github.com/thrylos-labs/go-thrylos/core/math/safemath.go:718.2,718.22 1 0
github.com/thrylos-labs/go-thrylos/core/math/safemath.go:718.22,720.3 1 0
github.com/thrylos-labs/go-thrylos/core/math/safemath.go:721.2,721.33 1 0
github.com/thrylos-labs/go-thrylos/core/math/safemath.go:729.47,730.25 1 1
github.com/thrylos-labs/go-thrylos/core/math/safemath.go:730.25,737.3 1 1
github.com/thrylos-labs/go-thrylos/core/math/safemath.go:738.2,738.24 1 1
github.com/thrylos-labs/go-thrylos/core/math/safemath.go:742.47,743.13 1 1
github.com/thrylos-labs/go-thrylos/core/math/safemath.go:743.13,750.3 1 1
github.com/thrylos-labs/go-thrylos/core/math/safemath.go:751.2,751.25 1 1
github.com/thrylos-labs/go-thrylos/core/math/safemath.go:759.41,761.2 1 0
github.com/thrylos-labs/go-thrylos/core/math/safemath.go:764.34,766.2 1 0
github.com/thrylos-labs/go-thrylos/core/math/safemath.go:769.44,771.2 1 0
